---
source: crates/fsqlite-vdbe/tests/golden_bytecode_snapshots.rs
expression: "render_bytecode_case(\"grouped_aggregate\",\n\"SELECT category_id, count(*), sum(score) \\\n             FROM docs GROUP BY category_id HAVING sum(score) > 10\")"
---
case: grouped_aggregate
sql: SELECT category_id, count(*), sum(score) FROM docs GROUP BY category_id HAVING sum(score) > 10
status: ok
registers: 17
bind_parameters: 0
requires_attached_memdb: false
requires_version_store: false

addr  opcode           p1    p2    p3    p4                 p5
----  ---------------  ----  ----  ----  -----------------  --
0     Init             0     64    0                        0 
1     Transaction      0     0     0                        0 
2     SorterOpen       1     1     0     (str)+             0 
3     OpenRead         0     2     0     (tbl)docs          0 
4     Rewind           0     10    0                        0 
5     Column           0     1     4                        0 
6     Column           0     4     5                        0 
7     MakeRecord       4     2     6                        0 
8     SorterInsert     1     6     0                        0 
9     Next             0     5     0                        0 
10    Close            0     0     0                        0 
11    Integer          1     12    0                        0 
12    Null             0     9     0                        0 
13    Null             0     10    0                        0 
14    SorterSort       1     62    0                        0 
15    SorterData       1     13    0                        0 
16    Column           1     0     7                        0 
17    IfPos            12    39    1                        0 
18    Ne               7     20    8                        128
19    Goto             0     39    0                        0 
20    AggFinal         9     0     0     (func)COUNT        0 
21    AggFinal         10    1     0     (func)SUM          0 
22    Copy             8     1     0                        0 
23    Copy             9     2     0                        0 
24    Copy             10    3     0                        0 
25    Copy             3     15    0                        0 
26    Integer          10    16    0                        0 
27    IsNull           15    34    0                        0 
28    IsNull           16    34    0                        0 
29    Gt               16    32    15                       0 
30    Integer          0     14    0                        0 
31    Goto             0     35    0                        0 
32    Integer          1     14    0                        0 
33    Goto             0     35    0                        0 
34    Null             0     14    0                        0 
35    IfNot            14    37    1                        0 
36    ResultRow        1     3     0                        0 
37    Null             0     9     0                        0 
38    Null             0     10    0                        0 
39    Copy             7     8     0                        0 
40    AggStep          0     0     9     (func)COUNT        0 
41    Column           1     1     17                       0 
42    AggStep          0     17    10    (func)SUM          1 
43    SorterNext       1     15    0                        0 
44    IfPos            12    62    0                        0 
45    AggFinal         9     0     0     (func)COUNT        0 
46    AggFinal         10    1     0     (func)SUM          0 
47    Copy             8     1     0                        0 
48    Copy             9     2     0                        0 
49    Copy             10    3     0                        0 
50    Copy             3     15    0                        0 
51    Integer          10    16    0                        0 
52    IsNull           15    59    0                        0 
53    IsNull           16    59    0                        0 
54    Gt               16    57    15                       0 
55    Integer          0     14    0                        0 
56    Goto             0     60    0                        0 
57    Integer          1     14    0                        0 
58    Goto             0     60    0                        0 
59    Null             0     14    0                        0 
60    IfNot            14    62    1                        0 
61    ResultRow        1     3     0                        0 
62    Close            1     0     0                        0 
63    Halt             0     0     0                        0
