---
source: crates/fsqlite-vdbe/tests/golden_bytecode_snapshots.rs
expression: events_group
---
case: aggregate_group_by_events_limit
sql: SELECT category_id, count(*), sum(score) FROM events GROUP BY category_id ORDER BY category_id LIMIT 10
status: ok
registers: 15
bind_parameters: 0
requires_attached_memdb: false
requires_version_store: false

addr  opcode           p1    p2    p3    p4                 p5
----  ---------------  ----  ----  ----  -----------------  --
0     Init             0     45    0                        0 
1     Transaction      0     0     0                        0 
2     Integer          10    4     0                        0 
3     IfNot            4     43    1                        0 
4     SorterOpen       1     1     0     (str)+             0 
5     OpenRead         0     4     0     (tbl)events        0 
6     Rewind           0     12    0                        0 
7     Column           0     1     5                        0 
8     Column           0     2     6                        0 
9     MakeRecord       5     2     7                        0 
10    SorterInsert     1     7     0                        0 
11    Next             0     7     0                        0 
12    Close            0     0     0                        0 
13    Integer          1     13    0                        0 
14    Null             0     10    0                        0 
15    Null             0     11    0                        0 
16    SorterSort       1     43    0                        0 
17    SorterData       1     14    0                        0 
18    Column           1     0     8                        0 
19    IfPos            13    31    1                        0 
20    Ne               8     22    9                        128
21    Goto             0     31    0                        0 
22    AggFinal         10    0     0     (func)COUNT        0 
23    AggFinal         11    1     0     (func)SUM          0 
24    Copy             9     1     0                        0 
25    Copy             10    2     0                        0 
26    Copy             11    3     0                        0 
27    ResultRow        1     3     0                        0 
28    DecrJumpZero     4     43    0                        0 
29    Null             0     10    0                        0 
30    Null             0     11    0                        0 
31    Copy             8     9     0                        0 
32    AggStep          0     0     10    (func)COUNT        0 
33    Column           1     1     15                       0 
34    AggStep          0     15    11    (func)SUM          1 
35    SorterNext       1     17    0                        0 
36    IfPos            13    43    0                        0 
37    AggFinal         10    0     0     (func)COUNT        0 
38    AggFinal         11    1     0     (func)SUM          0 
39    Copy             9     1     0                        0 
40    Copy             10    2     0                        0 
41    Copy             11    3     0                        0 
42    ResultRow        1     3     0                        0 
43    Close            1     0     0                        0 
44    Halt             0     0     0                        0
