---
source: crates/fsqlite-vdbe/tests/golden_bytecode_snapshots.rs
expression: filtered_join
---
case: multi_join_filtered_predicates
sql: SELECT categories.name, docs.title FROM categories JOIN docs ON docs.category_id = categories.id JOIN events ON events.category_id = docs.category_id WHERE events.score > 10 AND docs.category_id = 3
status: ok
registers: 15
bind_parameters: 0
requires_attached_memdb: false
requires_version_store: false

addr  opcode           p1    p2    p3    p4                 p5
----  ---------------  ----  ----  ----  -----------------  --
0     Init             0     34    0                        0 
1     Transaction      0     0     0                        0 
2     OpenRead         0     3     0     (tbl)categories    0 
3     OpenRead         1     2     0     (tbl)docs          0 
4     OpenRead         2     4     0     (tbl)events        0 
5     Rewind           0     30    0                        0 
6     Rewind           1     29    0                        0 
7     Rewind           2     28    0                        0 
8     Column           1     1     4                        0 
9     Column           0     0     5                        0 
10    Eq               5     3     4                        32
11    IfNot            3     27    1                        0 
12    Column           2     1     7                        0 
13    Column           1     1     8                        0 
14    Eq               8     6     7                        32
15    IfNot            6     27    1                        0 
16    Column           2     2     12                       0 
17    Integer          10    13    0                        0 
18    Gt               13    10    12                       32
19    Column           1     1     14                       0 
20    Integer          3     15    0                        0 
21    Eq               15    11    14                       32
22    And              10    11    9                        0 
23    IfNot            9     27    1                        0 
24    Column           0     1     1                        0 
25    Column           1     2     2                        0 
26    ResultRow        1     2     0                        0 
27    Next             2     8     0                        0 
28    Next             1     7     0                        0 
29    Next             0     6     0                        0 
30    Close            1     0     0                        0 
31    Close            2     0     0                        0 
32    Close            0     0     0                        0 
33    Halt             0     0     0                        0
